georgeca@georgeca-VirtualBox:~$ cat 2>error.txt
This is an example
This is an example
^C
georgeca@georgeca-VirtualBox:~$ ls -lh
total 40K
drwxr-xr-x 2 georgeca georgeca 4.0K May  5 13:27 Desktop
drwxr-xr-x 2 georgeca georgeca 4.0K May  5 13:27 Documents
drwxr-xr-x 2 georgeca georgeca 4.0K May  5 13:27 Downloads
-rw-rw-r-- 1 georgeca georgeca    0 May 12 22:07 error.txt
drwxr-xr-x 2 georgeca georgeca 4.0K May  5 13:27 Music
-rw-rw-r-- 1 georgeca georgeca   56 May 12 21:31 output.txt
drwxr-xr-x 2 georgeca georgeca 4.0K May  5 13:27 Pictures
drwxr-xr-x 2 georgeca georgeca 4.0K May  5 13:27 Public
drwx------ 3 georgeca georgeca 4.0K May  5 13:31 snap
drwxr-xr-x 2 georgeca georgeca 4.0K May  5 13:27 Templates
drwxr-xr-x 2 georgeca georgeca 4.0K May  5 13:27 Videos
georgeca@georgeca-VirtualBox:~$ cat error.txt 
georgeca@georgeca-VirtualBox:~$ cat -k ola 2>error.txt
georgeca@georgeca-VirtualBox:~$ cat error.txt 
cat: invalid option -- 'k'
Try 'cat --help' for more information.
georgeca@georgeca-VirtualBox:~$ cat -k ddb  2>>error.txt
georgeca@georgeca-VirtualBox:~$ cat error.txt 
cat: invalid option -- 'k'
Try 'cat --help' for more information.
cat: invalid option -- 'k'
Try 'cat --help' for more information.
georgeca@georgeca-VirtualBox:~$ cat 1>>output.txt 2>>error.txt
this is another test
^C
georgeca@georgeca-VirtualBox:~$ cat -k 1>>output.txt 2>>error.txt
georgeca@georgeca-VirtualBox:~$ cat error.txt 
cat: invalid option -- 'k'
Try 'cat --help' for more information.
cat: invalid option -- 'k'
Try 'cat --help' for more information.
cat: invalid option -- 'k'
Try 'cat --help' for more information.
