georgeca@georgeca-VirtualBox:~/Desktop$  mkdir level1
georgeca@georgeca-VirtualBox:~/Desktop$ touch  level1/file1
georgeca@georgeca-VirtualBox:~/Desktop$ mkdir level1/level2
georgeca@georgeca-VirtualBox:~/Desktop$ touch level1/level2/file2
georgeca@georgeca-VirtualBox:~/Desktop$ find .
.
./level1
./level1/file1
./level1/level2
./level1/level2/file2
./old_database.txt
./my_file.txt
georgeca@georgeca-VirtualBox:~/Desktop$ find -maxdepth 2
.
./level1
./level1/file1
./level1/level2
./old_database.txt
./my_file.txt
georgeca@georgeca-VirtualBox:~/Desktop$ find -type d
.
./level1
./level1/level2
georgeca@georgeca-VirtualBox:~/Desktop$ find . -type f
./level1/file1
./level1/level2/file2
./old_database.txt
./my_file.txt
georgeca@georgeca-VirtualBox:~/Desktop$ find . -name "level1.txt"
georgeca@georgeca-VirtualBox:~/Desktop$ find . -name "level1"
./level1
georgeca@georgeca-VirtualBox:~/Desktop$ find . -name "LEVEL1"
georgeca@georgeca-VirtualBox:~/Desktop$ find . -iname "LEVEL1"
./level1
georgeca@georgeca-VirtualBox:~/Desktop$ find . -maxdepth 2 -type d
.
./level1
./level1/level2
georgeca@georgeca-VirtualBox:~/Desktop$ find ~ -size +100k -size -5M
/home/georgeca/.local/share/nautilus/tags/meta.db
/home/georgeca/.cache/fontconfig/0bd3dc0958fa2205aaaa8ebb13e2872b-le64.cache-9
/home/georgeca/.cache/tracker3/files/http%3A%2F%2Ftracker.api.gnome.org%2Fontology%2Fv3%2Ftracker%23Pictures.db
/home/georgeca/.cache/tracker3/files/http%3A%2F%2Ftracker.api.gnome.org%2Fontology%2Fv3%2Ftracker%23FileSystem.db-wal
/home/georgeca/.cache/tracker3/files/http%3A%2F%2Ftracker.api.gnome.org%2Fontology%2Fv3%2Ftracker%23Documents.db
/home/georgeca/.cache/tracker3/files/http%3A%2F%2Ftracker.api.gnome.org%2Fontology%2Fv3%2Ftracker%23Audio.db
/home/georgeca/.cache/tracker3/files/http%3A%2F%2Ftracker.api.gnome.org%2Fontology%2Fv3%2Ftracker%23FileSystem.db
/home/georgeca/.cache/tracker3/files/meta.db-wal
/home/georgeca/.cache/tracker3/files/http%3A%2F%2Ftracker.api.gnome.org%2Fontology%2Fv3%2Ftracker%23Software.db
/home/georgeca/.cache/tracker3/files/http%3A%2F%2Ftracker.api.gnome.org%2Fontology%2Fv3%2Ftracker%23Video.db
/home/georgeca/.cache/tracker3/files/meta.db
/home/georgeca/.cache/tracker3/files/ontologies.gvdb
/home/georgeca/.cache/mesa_shader_cache_db/index
/home/georgeca/.cache/mesa_shader_cache_db/part0/mesa_cache.db
/home/georgeca/.cache/gstreamer-1.0/registry.x86_64.bin
/home/georgeca/.cache/ibus/bus/registry
/home/georgeca/snap/snapd-desktop-integration/common/.cache/fontconfig/0bd3dc0958fa2205aaaa8ebb13e2872b-le64.cache-7
georgeca@georgeca-VirtualBox:~/Desktop$ find ~ -size +100k -size -5M | wc -l
17
georgeca@georgeca-VirtualBox:~/Desktop$ find ~ -size -100k -o -size +5M
/home/georgeca
/home/georgeca/.gnupg
/home/georgeca/.gnupg/trustdb.gpg
/home/georgeca/.gnupg/pubring.kbx
/home/georgeca/weekday.txt
/home/georgeca/.vboxclient-clipboard-tty2-service.pid
/home/georgeca/.local
/home/georgeca/.local/state
/home/georgeca/.local/state/wireplumber
/home/georgeca/.local/state/wireplumber/restore-stream
/home/georgeca/.local/share
/home/georgeca/.local/share/nautilus
/home/georgeca/.local/share/nautilus/tracker2-migration-complete
/home/georgeca/.local/share/nautilus/tags
/home/georgeca/.local/share/nautilus/tags/ontologies.gvdb
/home/georgeca/.local/share/nautilus/scripts
/home/georgeca/.local/share/gnome-settings-daemon
/home/georgeca/.local/share/gnome-settings-daemon/input-sources-converted
/home/georgeca/.local/share/evolution
/home/georgeca/.local/share/evolution/mail
/home/georgeca/.local/share/evolution/mail/trash
/home/georgeca/.local/share/evolution/calendar
/home/georgeca/.local/share/evolution/calendar/trash
/home/georgeca/.local/share/evolution/calendar/system
/home/georgeca/.local/share/evolution/calendar/system/calendar.ics
/home/georgeca/.local/share/evolution/memos
/home/georgeca/.local/share/evolution/memos/trash
/home/georgeca/.local/share/evolution/addressbook
/home/georgeca/.local/share/evolution/addressbook/trash
/home/georgeca/.local/share/evolution/addressbook/system
/home/georgeca/.local/share/evolution/addressbook/system/photos
/home/georgeca/.local/share/evolution/addressbook/system/contacts.db
/home/georgeca/.local/share/evolution/tasks
/home/georgeca/.local/share/evolution/tasks/trash
/home/georgeca/.local/share/evolution/tasks/system
/home/georgeca/.local/share/evolution/tasks/system/tasks.ics
/home/georgeca/.local/share/gedit
/home/georgeca/.local/share/gedit/gedit-metadata.xml
/home/georgeca/.local/share/recently-used.xbel
/home/georgeca/.local/share/gnome-shell
/home/georgeca/.local/share/gnome-shell/update-check-46
/home/georgeca/.local/share/gnome-shell/application_state
/home/georgeca/.local/share/flatpak
/home/georgeca/.local/share/flatpak/db
/home/georgeca/.local/share/org.gnome.TextEditor
/home/georgeca/.local/share/org.gnome.TextEditor/session.gvariant
/home/georgeca/.local/share/org.gnome.TextEditor/recently-used.xbel
/home/georgeca/.local/share/org.gnome.TextEditor/drafts
/home/georgeca/.local/share/applications
/home/georgeca/.local/share/icc
/home/georgeca/.local/share/Trash
/home/georgeca/.local/share/Trash/files
/home/georgeca/.local/share/Trash/files/todelete.txt
/home/georgeca/.local/share/Trash/info
/home/georgeca/.local/share/Trash/info/todelete.txt.trashinfo
/home/georgeca/.local/share/keyrings
/home/georgeca/.local/share/keyrings/user.keystore
/home/georgeca/.local/share/keyrings/login.keyring
/home/georgeca/.local/share/ibus-table
/home/georgeca/.local/share/session_migration-ubuntu
/home/georgeca/.local/share/gvfs-metadata
/home/georgeca/.local/share/gvfs-metadata/root-22b0a6c4.log
/home/georgeca/.local/share/gvfs-metadata/home-258f42d7.log
/home/georgeca/.local/share/gvfs-metadata/root
/home/georgeca/.local/share/gvfs-metadata/home
/home/georgeca/.local/share/sounds
/home/georgeca/Downloads
/home/georgeca/.bash_logout
/home/georgeca/Pictures
/home/georgeca/.bashrc
/home/georgeca/.profile
/home/georgeca/Public
/home/georgeca/.sudo_as_admin_successful
/home/georgeca/.cache
/home/georgeca/.cache/fontconfig
/home/georgeca/.cache/fontconfig/da43223dd54fb3bb4243ae19d4b583b2-le64.cache-9
/home/georgeca/.cache/fontconfig/CACHEDIR.TAG
/home/georgeca/.cache/ubuntu-report
/home/georgeca/.cache/ubuntu-report/ubuntu.24.04
/home/georgeca/.cache/mesa_shader_cache
/home/georgeca/.cache/evolution
/home/georgeca/.cache/evolution/mail
/home/georgeca/.cache/evolution/mail/trash
/home/georgeca/.cache/evolution/calendar
/home/georgeca/.cache/evolution/calendar/trash
/home/georgeca/.cache/evolution/memos
/home/georgeca/.cache/evolution/memos/trash
/home/georgeca/.cache/evolution/addressbook
/home/georgeca/.cache/evolution/addressbook/trash
/home/georgeca/.cache/evolution/sources
/home/georgeca/.cache/evolution/sources/trash
/home/georgeca/.cache/evolution/tasks
/home/georgeca/.cache/evolution/tasks/trash
/home/georgeca/.cache/tracker3
/home/georgeca/.cache/tracker3/files
/home/georgeca/.cache/tracker3/files/meta.db-shm
/home/georgeca/.cache/tracker3/files/http%3A%2F%2Ftracker.api.gnome.org%2Fontology%2Fv3%2Ftracker%23Pictures.db-shm
/home/georgeca/.cache/tracker3/files/first-index.txt
/home/georgeca/.cache/tracker3/files/http%3A%2F%2Ftracker.api.gnome.org%2Fontology%2Fv3%2Ftracker%23FileSystem.db-shm
/home/georgeca/.cache/tracker3/files/http%3A%2F%2Ftracker.api.gnome.org%2Fontology%2Fv3%2Ftracker%23Pictures.db-wal
/home/georgeca/.cache/tracker3/files/http%3A%2F%2Ftracker.api.gnome.org%2Fontology%2Fv3%2Ftracker%23Documents.db-wal
/home/georgeca/.cache/tracker3/files/errors
/home/georgeca/.cache/tracker3/files/last-crawl.txt
/home/georgeca/.cache/tracker3/files/http%3A%2F%2Ftracker.api.gnome.org%2Fontology%2Fv3%2Ftracker%23Software.db-shm
/home/georgeca/.cache/tracker3/files/http%3A%2F%2Ftracker.api.gnome.org%2Fontology%2Fv3%2Ftracker%23Audio.db-shm
/home/georgeca/.cache/tracker3/files/http%3A%2F%2Ftracker.api.gnome.org%2Fontology%2Fv3%2Ftracker%23Audio.db-wal
/home/georgeca/.cache/tracker3/files/http%3A%2F%2Ftracker.api.gnome.org%2Fontology%2Fv3%2Ftracker%23Video.db-wal
/home/georgeca/.cache/tracker3/files/http%3A%2F%2Ftracker.api.gnome.org%2Fontology%2Fv3%2Ftracker%23Documents.db-shm
/home/georgeca/.cache/tracker3/files/http%3A%2F%2Ftracker.api.gnome.org%2Fontology%2Fv3%2Ftracker%23Video.db-shm
/home/georgeca/.cache/tracker3/files/http%3A%2F%2Ftracker.api.gnome.org%2Fontology%2Fv3%2Ftracker%23Software.db-wal
/home/georgeca/.cache/mesa_shader_cache_db
/home/georgeca/.cache/mesa_shader_cache_db/part29
/home/georgeca/.cache/mesa_shader_cache_db/part29/mesa_cache.db
/home/georgeca/.cache/mesa_shader_cache_db/part29/mesa_cache.idx
/home/georgeca/.cache/mesa_shader_cache_db/part35
/home/georgeca/.cache/mesa_shader_cache_db/part35/mesa_cache.db
/home/georgeca/.cache/mesa_shader_cache_db/part35/mesa_cache.idx
/home/georgeca/.cache/mesa_shader_cache_db/part49
/home/georgeca/.cache/mesa_shader_cache_db/part49/mesa_cache.db
/home/georgeca/.cache/mesa_shader_cache_db/part49/mesa_cache.idx
/home/georgeca/.cache/mesa_shader_cache_db/part27
/home/georgeca/.cache/mesa_shader_cache_db/part27/mesa_cache.db
/home/georgeca/.cache/mesa_shader_cache_db/part27/mesa_cache.idx
/home/georgeca/.cache/mesa_shader_cache_db/part28
/home/georgeca/.cache/mesa_shader_cache_db/part28/mesa_cache.db
/home/georgeca/.cache/mesa_shader_cache_db/part28/mesa_cache.idx
/home/georgeca/.cache/mesa_shader_cache_db/part22
/home/georgeca/.cache/mesa_shader_cache_db/part22/mesa_cache.db
/home/georgeca/.cache/mesa_shader_cache_db/part22/mesa_cache.idx
/home/georgeca/.cache/mesa_shader_cache_db/part26
/home/georgeca/.cache/mesa_shader_cache_db/part26/mesa_cache.db
/home/georgeca/.cache/mesa_shader_cache_db/part26/mesa_cache.idx
/home/georgeca/.cache/mesa_shader_cache_db/part33
/home/georgeca/.cache/mesa_shader_cache_db/part33/mesa_cache.db
/home/georgeca/.cache/mesa_shader_cache_db/part33/mesa_cache.idx
/home/georgeca/.cache/mesa_shader_cache_db/part8
/home/georgeca/.cache/mesa_shader_cache_db/part8/mesa_cache.db
/home/georgeca/.cache/mesa_shader_cache_db/part8/mesa_cache.idx
/home/georgeca/.cache/mesa_shader_cache_db/part15
/home/georgeca/.cache/mesa_shader_cache_db/part15/mesa_cache.db
/home/georgeca/.cache/mesa_shader_cache_db/part15/mesa_cache.idx
/home/georgeca/.cache/mesa_shader_cache_db/part16
/home/georgeca/.cache/mesa_shader_cache_db/part16/mesa_cache.db
/home/georgeca/.cache/mesa_shader_cache_db/part16/mesa_cache.idx
/home/georgeca/.cache/mesa_shader_cache_db/part46
/home/georgeca/.cache/mesa_shader_cache_db/part46/mesa_cache.db
/home/georgeca/.cache/mesa_shader_cache_db/part46/mesa_cache.idx
/home/georgeca/.cache/mesa_shader_cache_db/part24
/home/georgeca/.cache/mesa_shader_cache_db/part24/mesa_cache.db
/home/georgeca/.cache/mesa_shader_cache_db/part24/mesa_cache.idx
/home/georgeca/.cache/mesa_shader_cache_db/part13
/home/georgeca/.cache/mesa_shader_cache_db/part13/mesa_cache.db
/home/georgeca/.cache/mesa_shader_cache_db/part13/mesa_cache.idx
/home/georgeca/.cache/mesa_shader_cache_db/part7
/home/georgeca/.cache/mesa_shader_cache_db/part7/mesa_cache.db
/home/georgeca/.cache/mesa_shader_cache_db/part7/mesa_cache.idx
/home/georgeca/.cache/mesa_shader_cache_db/part9
/home/georgeca/.cache/mesa_shader_cache_db/part9/mesa_cache.db
/home/georgeca/.cache/mesa_shader_cache_db/part9/mesa_cache.idx
/home/georgeca/.cache/mesa_shader_cache_db/part3
/home/georgeca/.cache/mesa_shader_cache_db/part3/mesa_cache.db
/home/georgeca/.cache/mesa_shader_cache_db/part3/mesa_cache.idx
/home/georgeca/.cache/mesa_shader_cache_db/part2
/home/georgeca/.cache/mesa_shader_cache_db/part2/mesa_cache.db
/home/georgeca/.cache/mesa_shader_cache_db/part2/mesa_cache.idx
/home/georgeca/.cache/mesa_shader_cache_db/part19
/home/georgeca/.cache/mesa_shader_cache_db/part19/mesa_cache.db
/home/georgeca/.cache/mesa_shader_cache_db/part19/mesa_cache.idx
/home/georgeca/.cache/mesa_shader_cache_db/part20
/home/georgeca/.cache/mesa_shader_cache_db/part20/mesa_cache.db
/home/georgeca/.cache/mesa_shader_cache_db/part20/mesa_cache.idx
/home/georgeca/.cache/mesa_shader_cache_db/part11
/home/georgeca/.cache/mesa_shader_cache_db/part11/mesa_cache.db
/home/georgeca/.cache/mesa_shader_cache_db/part11/mesa_cache.idx
/home/georgeca/.cache/mesa_shader_cache_db/part45
/home/georgeca/.cache/mesa_shader_cache_db/part45/mesa_cache.db
/home/georgeca/.cache/mesa_shader_cache_db/part45/mesa_cache.idx
/home/georgeca/.cache/mesa_shader_cache_db/part23
/home/georgeca/.cache/mesa_shader_cache_db/part23/mesa_cache.db
/home/georgeca/.cache/mesa_shader_cache_db/part23/mesa_cache.idx
/home/georgeca/.cache/mesa_shader_cache_db/part48
/home/georgeca/.cache/mesa_shader_cache_db/part48/mesa_cache.db
/home/georgeca/.cache/mesa_shader_cache_db/part48/mesa_cache.idx
/home/georgeca/.cache/mesa_shader_cache_db/part21
/home/georgeca/.cache/mesa_shader_cache_db/part21/mesa_cache.db
/home/georgeca/.cache/mesa_shader_cache_db/part21/mesa_cache.idx
/home/georgeca/.cache/mesa_shader_cache_db/part6
/home/georgeca/.cache/mesa_shader_cache_db/part6/mesa_cache.db
/home/georgeca/.cache/mesa_shader_cache_db/part6/mesa_cache.idx
/home/georgeca/.cache/mesa_shader_cache_db/part25
/home/georgeca/.cache/mesa_shader_cache_db/part25/mesa_cache.db
/home/georgeca/.cache/mesa_shader_cache_db/part25/mesa_cache.idx
/home/georgeca/.cache/mesa_shader_cache_db/part17
/home/georgeca/.cache/mesa_shader_cache_db/part17/mesa_cache.db
/home/georgeca/.cache/mesa_shader_cache_db/part17/mesa_cache.idx
/home/georgeca/.cache/mesa_shader_cache_db/part44
/home/georgeca/.cache/mesa_shader_cache_db/part44/mesa_cache.db
/home/georgeca/.cache/mesa_shader_cache_db/part44/mesa_cache.idx
/home/georgeca/.cache/mesa_shader_cache_db/part5
/home/georgeca/.cache/mesa_shader_cache_db/part5/mesa_cache.db
/home/georgeca/.cache/mesa_shader_cache_db/part5/mesa_cache.idx
/home/georgeca/.cache/mesa_shader_cache_db/part18
/home/georgeca/.cache/mesa_shader_cache_db/part18/mesa_cache.db
/home/georgeca/.cache/mesa_shader_cache_db/part18/mesa_cache.idx
/home/georgeca/.cache/mesa_shader_cache_db/part34
/home/georgeca/.cache/mesa_shader_cache_db/part34/mesa_cache.db
/home/georgeca/.cache/mesa_shader_cache_db/part34/mesa_cache.idx
/home/georgeca/.cache/mesa_shader_cache_db/part14
/home/georgeca/.cache/mesa_shader_cache_db/part14/mesa_cache.db
/home/georgeca/.cache/mesa_shader_cache_db/part14/mesa_cache.idx
/home/georgeca/.cache/mesa_shader_cache_db/part37
/home/georgeca/.cache/mesa_shader_cache_db/part37/mesa_cache.db
/home/georgeca/.cache/mesa_shader_cache_db/part37/mesa_cache.idx
/home/georgeca/.cache/mesa_shader_cache_db/part38
/home/georgeca/.cache/mesa_shader_cache_db/part38/mesa_cache.db
/home/georgeca/.cache/mesa_shader_cache_db/part38/mesa_cache.idx
/home/georgeca/.cache/mesa_shader_cache_db/part43
/home/georgeca/.cache/mesa_shader_cache_db/part43/mesa_cache.db
/home/georgeca/.cache/mesa_shader_cache_db/part43/mesa_cache.idx
/home/georgeca/.cache/mesa_shader_cache_db/part4
/home/georgeca/.cache/mesa_shader_cache_db/part4/mesa_cache.db
/home/georgeca/.cache/mesa_shader_cache_db/part4/mesa_cache.idx
/home/georgeca/.cache/mesa_shader_cache_db/part41
/home/georgeca/.cache/mesa_shader_cache_db/part41/mesa_cache.db
/home/georgeca/.cache/mesa_shader_cache_db/part41/mesa_cache.idx
/home/georgeca/.cache/mesa_shader_cache_db/part31
/home/georgeca/.cache/mesa_shader_cache_db/part31/mesa_cache.db
/home/georgeca/.cache/mesa_shader_cache_db/part31/mesa_cache.idx
/home/georgeca/.cache/mesa_shader_cache_db/part42
/home/georgeca/.cache/mesa_shader_cache_db/part42/mesa_cache.db
/home/georgeca/.cache/mesa_shader_cache_db/part42/mesa_cache.idx
/home/georgeca/.cache/mesa_shader_cache_db/part39
/home/georgeca/.cache/mesa_shader_cache_db/part39/mesa_cache.db
/home/georgeca/.cache/mesa_shader_cache_db/part39/mesa_cache.idx
/home/georgeca/.cache/mesa_shader_cache_db/part36
/home/georgeca/.cache/mesa_shader_cache_db/part36/mesa_cache.db
/home/georgeca/.cache/mesa_shader_cache_db/part36/mesa_cache.idx
/home/georgeca/.cache/mesa_shader_cache_db/part0
/home/georgeca/.cache/mesa_shader_cache_db/part0/mesa_cache.idx
/home/georgeca/.cache/mesa_shader_cache_db/part1
/home/georgeca/.cache/mesa_shader_cache_db/part1/mesa_cache.db
/home/georgeca/.cache/mesa_shader_cache_db/part1/mesa_cache.idx
/home/georgeca/.cache/mesa_shader_cache_db/part12
/home/georgeca/.cache/mesa_shader_cache_db/part12/mesa_cache.db
/home/georgeca/.cache/mesa_shader_cache_db/part12/mesa_cache.idx
/home/georgeca/.cache/mesa_shader_cache_db/part32
/home/georgeca/.cache/mesa_shader_cache_db/part32/mesa_cache.db
/home/georgeca/.cache/mesa_shader_cache_db/part32/mesa_cache.idx
/home/georgeca/.cache/mesa_shader_cache_db/marker
/home/georgeca/.cache/mesa_shader_cache_db/part47
/home/georgeca/.cache/mesa_shader_cache_db/part47/mesa_cache.db
/home/georgeca/.cache/mesa_shader_cache_db/part47/mesa_cache.idx
/home/georgeca/.cache/mesa_shader_cache_db/part10
/home/georgeca/.cache/mesa_shader_cache_db/part10/mesa_cache.db
/home/georgeca/.cache/mesa_shader_cache_db/part10/mesa_cache.idx
/home/georgeca/.cache/mesa_shader_cache_db/part30
/home/georgeca/.cache/mesa_shader_cache_db/part30/mesa_cache.db
/home/georgeca/.cache/mesa_shader_cache_db/part30/mesa_cache.idx
/home/georgeca/.cache/mesa_shader_cache_db/part40
/home/georgeca/.cache/mesa_shader_cache_db/part40/mesa_cache.db
/home/georgeca/.cache/mesa_shader_cache_db/part40/mesa_cache.idx
/home/georgeca/.cache/gstreamer-1.0
/home/georgeca/.cache/update-manager-core
/home/georgeca/.cache/update-manager-core/meta-release-lts
/home/georgeca/.cache/ibus
/home/georgeca/.cache/ibus/dbus-XtRyYJE8
/home/georgeca/.cache/ibus/dbus-BfXm773i
/home/georgeca/.cache/ibus/dbus-8VRLFLQ4
/home/georgeca/.cache/ibus/dbus-27YXBwbp
/home/georgeca/.cache/ibus/dbus-HiB8Le0S
/home/georgeca/.cache/ibus/dbus-o2KcV36v
/home/georgeca/.cache/ibus/dbus-0D4C6a8I
/home/georgeca/.cache/ibus/dbus-MNcgh3E3
/home/georgeca/.cache/ibus/dbus-h5B0qCDH
/home/georgeca/.cache/ibus/dbus-a5AVyDYg
/home/georgeca/.cache/ibus/bus
/home/georgeca/.cache/ibus/dbus-TYAViGJO
/home/georgeca/.cache/ibus/dbus-hr80Jmrt
/home/georgeca/.cache/ibus/dbus-9EXhSgsi
/home/georgeca/.cache/ibus-table
/home/georgeca/.cache/event-sound-cache.tdb.df78f81fa3804a749de5ffc5861cd5c0.x86_64-pc-linux-gnu
/home/georgeca/.bash_aliases
/home/georgeca/.vboxclient-hostversion-tty2-control.pid
/home/georgeca/Desktop
/home/georgeca/Desktop/level1
/home/georgeca/Desktop/level1/file1
/home/georgeca/Desktop/level1/level2
/home/georgeca/Desktop/level1/level2/file2
/home/georgeca/Desktop/old_database.txt
/home/georgeca/Desktop/my_file.txt
/home/georgeca/.vboxclient-draganddrop-tty2-control.pid
/home/georgeca/fulldate.txt
/home/georgeca/Documents
/home/georgeca/Documents/alias getdates date tee.txt
/home/georgeca/Templates
/home/georgeca/.vboxclient-draganddrop-tty2-service.pid
/home/georgeca/.vboxclient-clipboard-tty2-control.pid
/home/georgeca/Videos
/home/georgeca/.lesshst
/home/georgeca/.vboxclient-vmsvga-session-tty2-control.pid
/home/georgeca/.config
/home/georgeca/.config/nautilus
/home/georgeca/.config/gnome-initial-setup-done
/home/georgeca/.config/pulse
/home/georgeca/.config/pulse/cookie
/home/georgeca/.config/dconf
/home/georgeca/.config/dconf/user
/home/georgeca/.config/user-dirs.locale
/home/georgeca/.config/monitors.xml
/home/georgeca/.config/evolution
/home/georgeca/.config/evolution/sources
/home/georgeca/.config/evolution/sources/system-proxy.source
/home/georgeca/.config/evolution/sources/birthdays.source
/home/georgeca/.config/evolution/sources/system-calendar.source
/home/georgeca/.config/gedit
/home/georgeca/.config/gedit/accels
/home/georgeca/.config/user-dirs.dirs
/home/georgeca/.config/GNOME-xdg-terminals.list
/home/georgeca/.config/gtk-3.0
/home/georgeca/.config/gtk-3.0/bookmarks
/home/georgeca/.config/update-notifier
/home/georgeca/.config/ubuntu-xdg-terminals.list
/home/georgeca/.config/enchant
/home/georgeca/.config/enchant/en_US.dic
/home/georgeca/.config/enchant/en_US.exc
/home/georgeca/.config/.gsd-keyboard.settings-ported
/home/georgeca/.config/ibus
/home/georgeca/.config/ibus/bus
/home/georgeca/.config/ibus/bus/df78f81fa3804a749de5ffc5861cd5c0-unix-wayland-0
/home/georgeca/.config/ibus/bus/df78f81fa3804a749de5ffc5861cd5c0-unix-0
/home/georgeca/.config/monitors.xml~
/home/georgeca/.config/systemd
/home/georgeca/.config/systemd/user
/home/georgeca/.config/systemd/user/default.target.wants
/home/georgeca/.config/systemd/user/default.target.wants/snap.snapd-desktop-integration.snapd-desktop-integration.service
/home/georgeca/.config/systemd/user/timers.target.wants
/home/georgeca/.config/systemd/user/timers.target.wants/snap.firmware-updater.firmware-notifier.timer
/home/georgeca/.config/goa-1.0
/home/georgeca/.config/xdg-terminals.list
/home/georgeca/.config/gnome-session
/home/georgeca/.config/gnome-session/saved-session
/home/georgeca/.config/tiling-assistant
/home/georgeca/.config/tiling-assistant/tiledSessionRestore.json
/home/georgeca/.vboxclient-vmsvga-session-tty2-service.pid
/home/georgeca/.ssh
/home/georgeca/.ssh/authorized_keys
/home/georgeca/.bash_history
/home/georgeca/.vboxclient-seamless-tty2-service.pid
/home/georgeca/todelete.txt
/home/georgeca/.vboxclient-seamless-tty2-control.pid
/home/georgeca/Music
/home/georgeca/snap
/home/georgeca/snap/firmware-updater
/home/georgeca/snap/firmware-updater/167
/home/georgeca/snap/firmware-updater/167/.local
/home/georgeca/snap/firmware-updater/167/.local/share
/home/georgeca/snap/firmware-updater/167/.local/share/icons
/home/georgeca/snap/firmware-updater/167/.local/share/themes
/home/georgeca/snap/firmware-updater/167/.local/share/glib-2.0
/home/georgeca/snap/firmware-updater/167/.local/share/glib-2.0/schemas
/home/georgeca/snap/firmware-updater/167/.last_revision
/home/georgeca/snap/firmware-updater/167/.config
/home/georgeca/snap/firmware-updater/167/.config/user-dirs.locale.md5sum
/home/georgeca/snap/firmware-updater/167/.config/fontconfig
/home/georgeca/snap/firmware-updater/167/.config/fontconfig/fonts.conf
/home/georgeca/snap/firmware-updater/167/.config/dconf
/home/georgeca/snap/firmware-updater/167/.config/dconf/user
/home/georgeca/snap/firmware-updater/167/.config/user-dirs.locale
/home/georgeca/snap/firmware-updater/167/.config/gtk-2.0
/home/georgeca/snap/firmware-updater/167/.config/gtk-2.0/gtkfilechooser.ini
/home/georgeca/snap/firmware-updater/167/.config/user-dirs.dirs.md5sum
/home/georgeca/snap/firmware-updater/167/.config/user-dirs.dirs
/home/georgeca/snap/firmware-updater/167/.config/gtk-3.0
/home/georgeca/snap/firmware-updater/167/.config/gtk-3.0/settings.ini
/home/georgeca/snap/firmware-updater/167/.config/gtk-3.0/bookmarks
/home/georgeca/snap/firmware-updater/167/.config/gtk-3.0/gtk.css
/home/georgeca/snap/firmware-updater/167/.config/ibus
/home/georgeca/snap/firmware-updater/167/.config/ibus/bus
/home/georgeca/snap/firmware-updater/167/.themes
/home/georgeca/snap/firmware-updater/current
/home/georgeca/snap/firmware-updater/common
/home/georgeca/snap/firmware-updater/common/.cache
/home/georgeca/snap/firmware-updater/common/.cache/gio-modules
/home/georgeca/snap/firmware-updater/common/.cache/gio-modules/libgiolibproxy.so
/home/georgeca/snap/firmware-updater/common/.cache/gio-modules/libgiognomeproxy.so
/home/georgeca/snap/firmware-updater/common/.cache/gio-modules/libdconfsettings.so
/home/georgeca/snap/firmware-updater/common/.cache/gio-modules/libgioenvironmentproxy.so
/home/georgeca/snap/firmware-updater/common/.cache/gio-modules/giomodule.cache
/home/georgeca/snap/firmware-updater/common/.cache/gio-modules/libgiognutls.so
/home/georgeca/snap/firmware-updater/common/.cache/desktop-runtime-date
/home/georgeca/snap/firmware-updater/common/.cache/gdk-pixbuf-loaders.cache
/home/georgeca/snap/firmware-updater/common/.cache/immodules
/home/georgeca/snap/firmware-updater/common/.cache/immodules/im-ti-er.so
/home/georgeca/snap/firmware-updater/common/.cache/immodules/im-multipress.so
/home/georgeca/snap/firmware-updater/common/.cache/immodules/im-broadway.so
/home/georgeca/snap/firmware-updater/common/.cache/immodules/im-ibus.so
/home/georgeca/snap/firmware-updater/common/.cache/immodules/im-waylandgtk.so
/home/georgeca/snap/firmware-updater/common/.cache/immodules/im-ti-et.so
/home/georgeca/snap/firmware-updater/common/.cache/immodules/im-xim.so
/home/georgeca/snap/firmware-updater/common/.cache/immodules/im-inuktitut.so
/home/georgeca/snap/firmware-updater/common/.cache/immodules/im-thai.so
/home/georgeca/snap/firmware-updater/common/.cache/immodules/im-viqr.so
/home/georgeca/snap/firmware-updater/common/.cache/immodules/immodules.cache
/home/georgeca/snap/firmware-updater/common/.cache/immodules/im-cedilla.so
/home/georgeca/snap/firmware-updater/common/.cache/immodules/im-cyrillic-translit.so
/home/georgeca/snap/firmware-updater/common/.cache/immodules/im-am-et.so
/home/georgeca/snap/firmware-updater/common/.cache/immodules/im-wayland.so
/home/georgeca/snap/firmware-updater/common/.cache/immodules/im-ipa.so
/home/georgeca/snap/firmware-updater/common/.cache/immodules/im-fcitx.so
/home/georgeca/snap/snapd-desktop-integration
/home/georgeca/snap/snapd-desktop-integration/253
/home/georgeca/snap/snapd-desktop-integration/253/.local
/home/georgeca/snap/snapd-desktop-integration/253/.local/share
/home/georgeca/snap/snapd-desktop-integration/253/.local/share/icons
/home/georgeca/snap/snapd-desktop-integration/253/.local/share/themes
/home/georgeca/snap/snapd-desktop-integration/253/.local/share/glib-2.0
/home/georgeca/snap/snapd-desktop-integration/253/.local/share/glib-2.0/schemas
/home/georgeca/snap/snapd-desktop-integration/253/.last_revision
/home/georgeca/snap/snapd-desktop-integration/253/.config
/home/georgeca/snap/snapd-desktop-integration/253/.config/user-dirs.locale.md5sum
/home/georgeca/snap/snapd-desktop-integration/253/.config/fontconfig
/home/georgeca/snap/snapd-desktop-integration/253/.config/fontconfig/fonts.conf
/home/georgeca/snap/snapd-desktop-integration/253/.config/dconf
/home/georgeca/snap/snapd-desktop-integration/253/.config/dconf/user
/home/georgeca/snap/snapd-desktop-integration/253/.config/user-dirs.locale
/home/georgeca/snap/snapd-desktop-integration/253/.config/gtk-2.0
/home/georgeca/snap/snapd-desktop-integration/253/.config/gtk-2.0/gtkfilechooser.ini
/home/georgeca/snap/snapd-desktop-integration/253/.config/user-dirs.dirs.md5sum
/home/georgeca/snap/snapd-desktop-integration/253/.config/user-dirs.dirs
/home/georgeca/snap/snapd-desktop-integration/253/.config/gtk-3.0
/home/georgeca/snap/snapd-desktop-integration/253/.config/gtk-3.0/settings.ini
/home/georgeca/snap/snapd-desktop-integration/253/.config/gtk-3.0/bookmarks
/home/georgeca/snap/snapd-desktop-integration/253/.config/gtk-3.0/gtk.css
/home/georgeca/snap/snapd-desktop-integration/253/.config/ibus
/home/georgeca/snap/snapd-desktop-integration/253/.config/ibus/bus
/home/georgeca/snap/snapd-desktop-integration/253/.themes
/home/georgeca/snap/snapd-desktop-integration/current
/home/georgeca/snap/snapd-desktop-integration/common
/home/georgeca/snap/snapd-desktop-integration/common/.cache
/home/georgeca/snap/snapd-desktop-integration/common/.cache/fontconfig
/home/georgeca/snap/snapd-desktop-integration/common/.cache/fontconfig/064af4f2c4d6b9397a4b1c96c30800ef-le64.cache-7
/home/georgeca/snap/snapd-desktop-integration/common/.cache/fontconfig/da43223dd54fb3bb4243ae19d4b583b2-le64.cache-7
/home/georgeca/snap/snapd-desktop-integration/common/.cache/fontconfig/39d807eeea95c2ac7d8772ed62bded7a-le64.cache-7
/home/georgeca/snap/snapd-desktop-integration/common/.cache/fontconfig/a704df002d997bbd1bdaa99b50d07a5e-le64.cache-7
/home/georgeca/snap/snapd-desktop-integration/common/.cache/fontconfig/CACHEDIR.TAG
/home/georgeca/snap/snapd-desktop-integration/common/.cache/fontconfig/fc00a55f7c3237a73f3e9bf08673f589-le64.cache-7
/home/georgeca/snap/snapd-desktop-integration/common/.cache/gio-modules
/home/georgeca/snap/snapd-desktop-integration/common/.cache/gio-modules/libgiolibproxy.so
/home/georgeca/snap/snapd-desktop-integration/common/.cache/gio-modules/libgiognomeproxy.so
/home/georgeca/snap/snapd-desktop-integration/common/.cache/gio-modules/libdconfsettings.so
/home/georgeca/snap/snapd-desktop-integration/common/.cache/gio-modules/libgioenvironmentproxy.so
/home/georgeca/snap/snapd-desktop-integration/common/.cache/gio-modules/giomodule.cache
/home/georgeca/snap/snapd-desktop-integration/common/.cache/gio-modules/libgiognutls.so
/home/georgeca/snap/snapd-desktop-integration/common/.cache/desktop-runtime-date
/home/georgeca/snap/snapd-desktop-integration/common/.cache/gdk-pixbuf-loaders.cache
/home/georgeca/snap/snapd-desktop-integration/common/.cache/immodules
/home/georgeca/snap/snapd-desktop-integration/common/.cache/immodules/im-ti-er.so
/home/georgeca/snap/snapd-desktop-integration/common/.cache/immodules/im-multipress.so
/home/georgeca/snap/snapd-desktop-integration/common/.cache/immodules/im-broadway.so
/home/georgeca/snap/snapd-desktop-integration/common/.cache/immodules/im-ibus.so
/home/georgeca/snap/snapd-desktop-integration/common/.cache/immodules/im-waylandgtk.so
/home/georgeca/snap/snapd-desktop-integration/common/.cache/immodules/im-ti-et.so
/home/georgeca/snap/snapd-desktop-integration/common/.cache/immodules/im-xim.so
/home/georgeca/snap/snapd-desktop-integration/common/.cache/immodules/im-inuktitut.so
/home/georgeca/snap/snapd-desktop-integration/common/.cache/immodules/im-thai.so
/home/georgeca/snap/snapd-desktop-integration/common/.cache/immodules/im-viqr.so
/home/georgeca/snap/snapd-desktop-integration/common/.cache/immodules/immodules.cache
/home/georgeca/snap/snapd-desktop-integration/common/.cache/immodules/im-cedilla.so
/home/georgeca/snap/snapd-desktop-integration/common/.cache/immodules/im-cyrillic-translit.so
/home/georgeca/snap/snapd-desktop-integration/common/.cache/immodules/im-am-et.so
/home/georgeca/snap/snapd-desktop-integration/common/.cache/immodules/im-wayland.so
/home/georgeca/snap/snapd-desktop-integration/common/.cache/immodules/im-ipa.so
/home/georgeca/snap/snapd-desktop-integration/common/.cache/immodules/im-fcitx.so
georgeca@georgeca-VirtualBox:~/Desktop$ find ~ -size -100k -o -size +5M | wc -l
473
